"apiVersion": "apps/v1"
"kind": "Deployment"
"metadata":
  "name": "minecraft"
"spec":
  "replicas": 1
  "selector":
    "matchLabels":
      "name": "minecraft"
  "strategy":
    "type": "Recreate"
  "template":
    "metadata":
      "labels":
        "name": "minecraft"
    "spec":
      "containers":
      - "command":
        - "/bin/bash"
        - "-euc"
        - |
          rm -f cache
          # Ugly hacks to separate code (server/plugin jars) from runtime state
          ln -s /paper/cache .
          mkdir -p plugins
          cp -nrs /paper/plugins/* plugins/ # Symlink all files in /paper/plugins/* to plugins/
          echo eula=true > eula.txt
          exec java -Xmx2048M -Xms2048M -jar /paper/paper.jar -W /data \
            | sed -u 's#/\(register\|login\).*#/\1 [REDACTED]#'
        "image": "docker.io/fish/minecraft:test"
        "name": "minecraft"
        "ports":
        - "containerPort": 25565
        - "containerPort": 8100
        "securityContext":
          "runAsUser": 1000
        "stdin": true
        "tty": true
        "volumeMounts":
        - "mountPath": "/data"
          "name": "data"
        "workingDir": "/data"
      "hostNetwork": true
      "volumes":
      - "hostPath":
          "path": "/data/minecraft"
        "name": "data"