"apiVersion": "v1"
"kind": "Pod"
"metadata":
  "labels":
    "name": "minecraft"
  "name": "minecraft"
"spec":
  "containers":
  - "command":
    - "/bin/bash"
    - "-euc"
    - |
      mkdir -p plugins
      cp -nrs /paper/plugins/* plugins/ # Symlink all files in /paper/plugins/* to plugins/
      echo eula=true > eula.txt
      exec java -Xmx2048M -Xms2048M -XX:+UseG1GC -XX:+ParallelRefProcEnabled -XX:MaxGCPauseMillis=200 -XX:+UnlockExperimentalVMOptions -XX:+DisableExplicitGC -XX:+AlwaysPreTouch -XX:G1NewSizePercent=30 -XX:G1MaxNewSizePercent=40 -XX:G1HeapRegionSize=8M -XX:G1ReservePercent=20 -XX:G1HeapWastePercent=5 -XX:G1MixedGCCountTarget=4 -XX:InitiatingHeapOccupancyPercent=15 -XX:G1MixedGCLiveThresholdPercent=90 -XX:G1RSetUpdatingPauseTimePercent=5 -XX:SurvivorRatio=32 -XX:+PerfDisableSharedMem -XX:MaxTenuringThreshold=1 -Dusing.aikars.flags=https://mcflags.emc.gs -Daikars.new.flags=true -DbundlerRepoDir=/paper -jar /paper/paper.jar -W /data \
        | sed -u 's#/\(register\|login\).*#/\1 [REDACTED]#'
    "image": "docker.io/fish/minecraft:test"
    "name": "minecraft"
    "ports":
    - "containerPort": 25565
    "securityContext":
      "runAsUser": 1000
    "stdin": true
    "tty": true
    "volumeMounts":
    - "mountPath": "/data"
      "name": "data"
    "workingDir": "/data"
  "hostNetwork": true
  "volumes":
  - "hostPath":
      "path": "/data/minecraft"
    "name": "data"